// Jest Snapshot v1, https://goo.gl/fbAQLP

exports[`Header.vue 样式发生改变 1`] = `
<div class="header">
  <div class="header-content">
    TodoList
    <input data-test="header-input" placeholder="add TodoItem" class="header-input"></div>
</div>
`;
